---
source: crates/cuc-watsonx/src/tests.rs
expression: score
---
0.35000002
