---
source: crates/cuc-watsonx/src/tests.rs
expression: score
---
1
