---
source: crates/wx-watsonx/src/tests.rs
expression: "format!(\"{:?}\", config)"
---
WatsonxConfig { api_key: "test_api_key_redacted", project_id: "test_project_id", iam_url: "iam.cloud.ibm.com", api_url: "https://us-south.ml.cloud.ibm.com" }
