---
source: crates/wx-watsonx/src/tests.rs
expression: "format!(\"granite_4_h_small: {}\", WatsonxClient::GRANITE_4_H_SMALL)"
---
granite_4_h_small: ibm/granite-4-h-small
